// Jest Snapshot v1, https://goo.gl/fbAQLP

exports[`match snapshot 1`] = `
<div
  data-testid="task-1"
>
   
  <h1>
    wash dishes
  </h1>
</div>
`;
